Building for debugging...
[Planning deferred tasks]
[5 / 10] SplitBar-product
[12 / 17] SplitBar-product
[15 / 25] SplitBar-product
[18 / 25] SplitBar-product
[19 / 25] SplitBar-product
[20 / 25] SplitBar-product
[21 / 25] SplitBar-product
[23 / 25] SplitBar-product
Build complete! (7.89 sec)
